// Jest Snapshot v1, https://goo.gl/fbAQLP

exports[`DrawerButton Should match snapshot 1`] = `
<div>
  <main>
    <button
      class="MuiButtonBase-root MuiIconButton-root MuiIconButton-sizeMedium css-tsm0ra-MuiButtonBase-root-MuiIconButton-root"
      id="test-drawer-button"
      tabindex="0"
      type="button"
    >
      <p
        class="MuiTypography-root MuiTypography-body1 css-b6p50a-MuiTypography-root"
        id="test-drawer-button-label"
      >
        label-test
      </p>
      <svg
        aria-hidden="true"
        class="MuiSvgIcon-root MuiSvgIcon-fontSizeMedium css-i4bv87-MuiSvgIcon-root"
        data-testid="MenuIcon"
        focusable="false"
        id="test-drawer-button-menu-icon"
        viewBox="0 0 24 24"
      >
        <path
          d="M3 18h18v-2H3v2zm0-5h18v-2H3v2zm0-7v2h18V6H3z"
        />
      </svg>
    </button>
  </main>
</div>
`;
