// Jest Snapshot v1, https://goo.gl/fbAQLP

exports[`EmailInput Should match snapshot 1`] = `
<div>
  <div
    class="MuiFormControl-root MuiTextField-root css-6n4yle-MuiFormControl-root-MuiTextField-root"
  >
    <label
      class="MuiFormLabel-root MuiInputLabel-root MuiInputLabel-formControl MuiInputLabel-animated MuiInputLabel-shrink MuiInputLabel-outlined MuiFormLabel-colorPrimary MuiFormLabel-filled MuiInputLabel-root MuiInputLabel-formControl MuiInputLabel-animated MuiInputLabel-shrink MuiInputLabel-outlined css-1sumxir-MuiFormLabel-root-MuiInputLabel-root"
      data-shrink="true"
      for="test-email-input"
      id="test-email-input-label"
    >
      Email
    </label>
    <div
      class="MuiInputBase-root MuiOutlinedInput-root MuiInputBase-colorPrimary MuiInputBase-formControl css-9ddj71-MuiInputBase-root-MuiOutlinedInput-root"
    >
      <input
        aria-invalid="false"
        class="MuiInputBase-input MuiOutlinedInput-input css-1t8l2tu-MuiInputBase-input-MuiOutlinedInput-input"
        id="test-email-input"
        type="email"
        value="test"
      />
      <fieldset
        aria-hidden="true"
        class="MuiOutlinedInput-notchedOutline css-1d3z3hw-MuiOutlinedInput-notchedOutline"
      >
        <legend
          class="css-14lo706"
        >
          <span>
            Email
          </span>
        </legend>
      </fieldset>
    </div>
  </div>
</div>
`;
