// Jest Snapshot v1, https://goo.gl/fbAQLP

exports[`Layout Should match snapshot 1`] = `
<div>
  <div
    class="MuiBox-root css-oqgvqi"
    id="test-layout-container"
  >
    <header
      class="MuiPaper-root MuiPaper-elevation MuiPaper-elevation4 MuiAppBar-root MuiAppBar-colorPrimary MuiAppBar-positionFixed mui-fixed css-1w9mh9n-MuiPaper-root-MuiAppBar-root"
      id="test-app-bar"
    >
      <div
        class="MuiToolbar-root MuiToolbar-gutters MuiToolbar-regular css-u4fbkj-MuiToolbar-root"
        id="test-toolbar"
      >
        <h1
          class="MuiTypography-root MuiTypography-h6 MuiTypography-noWrap css-11cao63-MuiTypography-root"
          id="test-toolbar-title"
        >
          Next Auth Scaffold
        </h1>
        <div
          class="MuiBox-root css-zd0i21"
          id="test-toolbar-color-picker-container"
        >
          <div
            class="MuiBox-root css-1rks40w"
            id="test-toolbar-color-picker-box"
          >
            <button
              aria-labelledby="test-toolbar-color-picker-label"
              class="MuiButtonBase-root MuiIconButton-root MuiIconButton-sizeMedium css-78trlr-MuiButtonBase-root-MuiIconButton-root"
              id="test-toolbar-color-picker-button"
              tabindex="0"
              type="button"
            >
              <svg
                aria-hidden="true"
                class="MuiSvgIcon-root MuiSvgIcon-fontSizeMedium css-1kqeszy-MuiSvgIcon-root"
                data-testid="ColorLensIcon"
                focusable="false"
                id="test-toolbar-color-picker-icon"
                viewBox="0 0 24 24"
              >
                <path
                  d="M12 3c-4.97 0-9 4.03-9 9s4.03 9 9 9c.83 0 1.5-.67 1.5-1.5 0-.39-.15-.74-.39-1.01-.23-.26-.38-.61-.38-.99 0-.83.67-1.5 1.5-1.5H16c2.76 0 5-2.24 5-5 0-4.42-4.03-8-9-8zm-5.5 9c-.83 0-1.5-.67-1.5-1.5S5.67 9 6.5 9 8 9.67 8 10.5 7.33 12 6.5 12zm3-4C8.67 8 8 7.33 8 6.5S8.67 5 9.5 5s1.5.67 1.5 1.5S10.33 8 9.5 8zm5 0c-.83 0-1.5-.67-1.5-1.5S13.67 5 14.5 5s1.5.67 1.5 1.5S15.33 8 14.5 8zm3 4c-.83 0-1.5-.67-1.5-1.5S16.67 9 17.5 9s1.5.67 1.5 1.5-.67 1.5-1.5 1.5z"
                />
              </svg>
              <span
                class="MuiTouchRipple-root css-8je8zh-MuiTouchRipple-root"
              />
            </button>
            <label
              for="test-toolbar-color-picker-button"
            >
              <p
                class="MuiTypography-root MuiTypography-body2 css-28mjxw-MuiTypography-root"
                id="test-toolbar-color-picker-label"
              >
                Theme Color
              </p>
            </label>
          </div>
        </div>
        <div
          class="MuiBox-root css-1lvwh4e"
          id="test-toolbar-dark-mode-switch-container"
        >
          <span
            class="MuiSwitch-root MuiSwitch-sizeMedium css-14s0ud6-MuiSwitch-root"
          >
            <span
              aria-labelledby="test-toolbar-dark-mode-switch-label-light"
              class="MuiButtonBase-root MuiSwitch-switchBase MuiSwitch-colorPrimary PrivateSwitchBase-root MuiSwitch-switchBase MuiSwitch-colorPrimary css-5ryogn-MuiButtonBase-root-MuiSwitch-switchBase"
            >
              <input
                class="PrivateSwitchBase-input MuiSwitch-input css-1m9pwf3"
                id="test-toolbar-dark-mode-switch"
                type="checkbox"
              />
              <svg
                aria-hidden="true"
                class="MuiSvgIcon-root MuiSvgIcon-fontSizeMedium css-17slstj-MuiSvgIcon-root"
                data-testid="WbSunnyIcon"
                focusable="false"
                id="test-toolbar-dark-mode-switch-icon-unchecked"
                viewBox="0 0 24 24"
              >
                <path
                  d="m6.76 4.84-1.8-1.79-1.41 1.41 1.79 1.79 1.42-1.41zM4 10.5H1v2h3v-2zm9-9.95h-2V3.5h2V.55zm7.45 3.91-1.41-1.41-1.79 1.79 1.41 1.41 1.79-1.79zm-3.21 13.7 1.79 1.8 1.41-1.41-1.8-1.79-1.4 1.4zM20 10.5v2h3v-2h-3zm-8-5c-3.31 0-6 2.69-6 6s2.69 6 6 6 6-2.69 6-6-2.69-6-6-6zm-1 16.95h2V19.5h-2v2.95zm-7.45-3.91 1.41 1.41 1.79-1.8-1.41-1.41-1.79 1.8z"
                />
              </svg>
              <span
                class="MuiTouchRipple-root css-8je8zh-MuiTouchRipple-root"
              />
            </span>
            <span
              class="MuiSwitch-track css-1yjjitx-MuiSwitch-track"
            />
          </span>
          <label
            for="test-toolbar-dark-mode-switch"
          >
            <p
              class="MuiTypography-root MuiTypography-body2 css-28mjxw-MuiTypography-root"
              id="test-toolbar-dark-mode-switch-label-light"
            >
              Light Mode
            </p>
          </label>
        </div>
      </div>
    </header>
    <div
      class="MuiBox-root css-1i89r39"
      id="test-layout-content"
    >
      <div>
        Children
      </div>
    </div>
  </div>
</div>
`;
