// Jest Snapshot v1, https://goo.gl/fbAQLP

exports[`ResetPassword Should match snapshot 1`] = `
<div>
  <button
    class="MuiButtonBase-root MuiButton-root MuiButton-text MuiButton-textPrimary MuiButton-sizeMedium MuiButton-textSizeMedium MuiButton-root MuiButton-text MuiButton-textPrimary MuiButton-sizeMedium MuiButton-textSizeMedium css-14umlvy-MuiButtonBase-root-MuiButton-root"
    id="test-skip-nav-link"
    tabindex="0"
    type="button"
  >
    <p
      class="MuiTypography-root MuiTypography-body1 css-3so7zb-MuiTypography-root"
      id="test-skip-nav-link-text"
    >
      Skip to main content
    </p>
    <span
      class="MuiTouchRipple-root css-8je8zh-MuiTouchRipple-root"
    />
  </button>
  <div
    class="MuiBox-root css-114gqq5"
    id="test-layout-container"
  >
    <header
      class="MuiPaper-root MuiPaper-elevation MuiPaper-elevation4 MuiAppBar-root MuiAppBar-colorPrimary MuiAppBar-positionFixed mui-fixed css-38ln4h-MuiPaper-root-MuiAppBar-root"
      id="test-app-bar"
    >
      <nav
        aria-label="header navigation"
        class="MuiToolbar-root MuiToolbar-gutters MuiToolbar-regular css-1l1du5z-MuiToolbar-root"
        id="test-toolbar"
      >
        <a
          aria-label="Home"
          class="MuiTypography-root MuiTypography-inherit MuiLink-root MuiLink-underlineAlways css-1fqdykp-MuiTypography-root-MuiLink-root"
          href="/"
          id="test-toolbar-title-link"
          title="Home"
        >
          <h1
            class="MuiTypography-root MuiTypography-h1 MuiTypography-noWrap css-63r4vv-MuiTypography-root"
            id="test-toolbar-title"
          >
            Next Auth Scaffold
          </h1>
        </a>
        <ul
          class="MuiList-root MuiList-padding css-166iuh2-MuiList-root"
          id="test-toolbar-icons"
        >
          <li
            class="MuiListItem-root MuiListItem-gutters MuiListItem-padding css-16ztiij-MuiListItem-root"
            id="test-toolbar-icons-color-picker-item"
          >
            <div
              class="MuiBox-root css-1lo2k45"
              id="test-toolbar-color-picker-container"
            >
              <button
                aria-labelledby="test-toolbar-color-picker-label"
                class="MuiButtonBase-root MuiIconButton-root MuiIconButton-sizeMedium css-78trlr-MuiButtonBase-root-MuiIconButton-root"
                id="test-toolbar-color-picker-button"
                tabindex="0"
                type="button"
              >
                <svg
                  aria-hidden="true"
                  aria-labelledby="test-toolbar-color-picker-label"
                  class="MuiSvgIcon-root MuiSvgIcon-fontSizeMedium css-1kqeszy-MuiSvgIcon-root"
                  data-testid="ColorLensIcon"
                  focusable="false"
                  id="test-toolbar-color-picker-icon"
                  role="img"
                  viewBox="0 0 24 24"
                >
                  <path
                    d="M12 3c-4.97 0-9 4.03-9 9s4.03 9 9 9c.83 0 1.5-.67 1.5-1.5 0-.39-.15-.74-.39-1.01-.23-.26-.38-.61-.38-.99 0-.83.67-1.5 1.5-1.5H16c2.76 0 5-2.24 5-5 0-4.42-4.03-8-9-8zm-5.5 9c-.83 0-1.5-.67-1.5-1.5S5.67 9 6.5 9 8 9.67 8 10.5 7.33 12 6.5 12zm3-4C8.67 8 8 7.33 8 6.5S8.67 5 9.5 5s1.5.67 1.5 1.5S10.33 8 9.5 8zm5 0c-.83 0-1.5-.67-1.5-1.5S13.67 5 14.5 5s1.5.67 1.5 1.5S15.33 8 14.5 8zm3 4c-.83 0-1.5-.67-1.5-1.5S16.67 9 17.5 9s1.5.67 1.5 1.5-.67 1.5-1.5 1.5z"
                  />
                </svg>
                <span
                  class="MuiTouchRipple-root css-8je8zh-MuiTouchRipple-root"
                />
              </button>
              <label
                for="test-toolbar-color-picker-button"
              >
                <p
                  class="MuiTypography-root MuiTypography-body2 css-7xs8rl-MuiTypography-root"
                  id="test-toolbar-color-picker-label"
                >
                  Theme Color
                </p>
              </label>
            </div>
          </li>
          <li
            class="MuiListItem-root MuiListItem-gutters MuiListItem-padding css-9gmft3-MuiListItem-root"
            id="test-toolbar-icons-dark-mode-switch-item"
          >
            <div
              class="MuiBox-root css-f9wnac"
              id="test-toolbar-dark-mode-switch-container"
            >
              <span
                class="MuiSwitch-root MuiSwitch-sizeMedium css-41alfi-MuiSwitch-root"
              >
                <span
                  class="MuiButtonBase-root MuiSwitch-switchBase MuiSwitch-colorPrimary PrivateSwitchBase-root MuiSwitch-switchBase MuiSwitch-colorPrimary css-28iv8m-MuiButtonBase-root-MuiSwitch-switchBase"
                >
                  <input
                    aria-checked="false"
                    aria-labelledby="test-toolbar-dark-mode-switch-label-light"
                    class="PrivateSwitchBase-input MuiSwitch-input css-1m9pwf3"
                    id="test-toolbar-dark-mode-switch"
                    role="switch"
                    type="checkbox"
                  />
                  <svg
                    aria-hidden="false"
                    aria-labelledby="test-toolbar-dark-mode-switch-label-light"
                    class="MuiSvgIcon-root MuiSvgIcon-fontSizeMedium css-aq4ggj-MuiSvgIcon-root"
                    data-testid="WbSunnyIcon"
                    focusable="false"
                    id="test-toolbar-dark-mode-switch-icon-unchecked"
                    role="img"
                    viewBox="0 0 24 24"
                  >
                    <path
                      d="m6.76 4.84-1.8-1.79-1.41 1.41 1.79 1.79 1.42-1.41zM4 10.5H1v2h3v-2zm9-9.95h-2V3.5h2V.55zm7.45 3.91-1.41-1.41-1.79 1.79 1.41 1.41 1.79-1.79zm-3.21 13.7 1.79 1.8 1.41-1.41-1.8-1.79-1.4 1.4zM20 10.5v2h3v-2h-3zm-8-5c-3.31 0-6 2.69-6 6s2.69 6 6 6 6-2.69 6-6-2.69-6-6-6zm-1 16.95h2V19.5h-2v2.95zm-7.45-3.91 1.41 1.41 1.79-1.8-1.41-1.41-1.79 1.8z"
                    />
                  </svg>
                  <span
                    class="MuiTouchRipple-root css-8je8zh-MuiTouchRipple-root"
                  />
                </span>
                <span
                  class="MuiSwitch-track css-1yjjitx-MuiSwitch-track"
                />
              </span>
              <label
                for="test-toolbar-dark-mode-switch"
              >
                <p
                  class="MuiTypography-root MuiTypography-body2 css-191g3cx-MuiTypography-root"
                  id="test-toolbar-dark-mode-switch-label-light"
                >
                  Light
                  <br />
                   Mode
                </p>
              </label>
            </div>
          </li>
        </ul>
      </nav>
    </header>
    <main
      class="MuiBox-root css-cn70eu"
      id="test-layout-content"
      tabindex="-1"
    >
      <button
        class="MuiButtonBase-root MuiButton-root MuiButton-text MuiButton-textPrimary MuiButton-sizeMedium MuiButton-textSizeMedium MuiButton-root MuiButton-text MuiButton-textPrimary MuiButton-sizeMedium MuiButton-textSizeMedium css-14umlvy-MuiButtonBase-root-MuiButton-root"
        id="reset-password-skip-nav-link"
        tabindex="0"
        type="button"
      >
        <p
          class="MuiTypography-root MuiTypography-body1 css-3so7zb-MuiTypography-root"
          id="reset-password-skip-nav-link-text"
        >
          Skip to main content
        </p>
        <span
          class="MuiTouchRipple-root css-8je8zh-MuiTouchRipple-root"
        />
      </button>
      <div
        class="MuiBox-root css-114gqq5"
        id="reset-password-layout-container"
      >
        <header
          class="MuiPaper-root MuiPaper-elevation MuiPaper-elevation4 MuiAppBar-root MuiAppBar-colorPrimary MuiAppBar-positionFixed mui-fixed css-38ln4h-MuiPaper-root-MuiAppBar-root"
          id="reset-password-app-bar"
        >
          <nav
            aria-label="header navigation"
            class="MuiToolbar-root MuiToolbar-gutters MuiToolbar-regular css-1l1du5z-MuiToolbar-root"
            id="reset-password-toolbar"
          >
            <a
              aria-label="Home"
              class="MuiTypography-root MuiTypography-inherit MuiLink-root MuiLink-underlineAlways css-1fqdykp-MuiTypography-root-MuiLink-root"
              href="/"
              id="reset-password-toolbar-title-link"
              title="Home"
            >
              <h1
                class="MuiTypography-root MuiTypography-h1 MuiTypography-noWrap css-63r4vv-MuiTypography-root"
                id="reset-password-toolbar-title"
              >
                Next Auth Scaffold
              </h1>
            </a>
            <ul
              class="MuiList-root MuiList-padding css-166iuh2-MuiList-root"
              id="reset-password-toolbar-icons"
            >
              <li
                class="MuiListItem-root MuiListItem-gutters MuiListItem-padding css-16ztiij-MuiListItem-root"
                id="reset-password-toolbar-icons-color-picker-item"
              >
                <div
                  class="MuiBox-root css-1lo2k45"
                  id="reset-password-toolbar-color-picker-container"
                >
                  <button
                    aria-labelledby="reset-password-toolbar-color-picker-label"
                    class="MuiButtonBase-root MuiIconButton-root MuiIconButton-sizeMedium css-78trlr-MuiButtonBase-root-MuiIconButton-root"
                    id="reset-password-toolbar-color-picker-button"
                    tabindex="0"
                    type="button"
                  >
                    <svg
                      aria-hidden="true"
                      aria-labelledby="reset-password-toolbar-color-picker-label"
                      class="MuiSvgIcon-root MuiSvgIcon-fontSizeMedium css-1kqeszy-MuiSvgIcon-root"
                      data-testid="ColorLensIcon"
                      focusable="false"
                      id="reset-password-toolbar-color-picker-icon"
                      role="img"
                      viewBox="0 0 24 24"
                    >
                      <path
                        d="M12 3c-4.97 0-9 4.03-9 9s4.03 9 9 9c.83 0 1.5-.67 1.5-1.5 0-.39-.15-.74-.39-1.01-.23-.26-.38-.61-.38-.99 0-.83.67-1.5 1.5-1.5H16c2.76 0 5-2.24 5-5 0-4.42-4.03-8-9-8zm-5.5 9c-.83 0-1.5-.67-1.5-1.5S5.67 9 6.5 9 8 9.67 8 10.5 7.33 12 6.5 12zm3-4C8.67 8 8 7.33 8 6.5S8.67 5 9.5 5s1.5.67 1.5 1.5S10.33 8 9.5 8zm5 0c-.83 0-1.5-.67-1.5-1.5S13.67 5 14.5 5s1.5.67 1.5 1.5S15.33 8 14.5 8zm3 4c-.83 0-1.5-.67-1.5-1.5S16.67 9 17.5 9s1.5.67 1.5 1.5-.67 1.5-1.5 1.5z"
                      />
                    </svg>
                    <span
                      class="MuiTouchRipple-root css-8je8zh-MuiTouchRipple-root"
                    />
                  </button>
                  <label
                    for="reset-password-toolbar-color-picker-button"
                  >
                    <p
                      class="MuiTypography-root MuiTypography-body2 css-7xs8rl-MuiTypography-root"
                      id="reset-password-toolbar-color-picker-label"
                    >
                      Theme Color
                    </p>
                  </label>
                </div>
              </li>
              <li
                class="MuiListItem-root MuiListItem-gutters MuiListItem-padding css-9gmft3-MuiListItem-root"
                id="reset-password-toolbar-icons-dark-mode-switch-item"
              >
                <div
                  class="MuiBox-root css-f9wnac"
                  id="reset-password-toolbar-dark-mode-switch-container"
                >
                  <span
                    class="MuiSwitch-root MuiSwitch-sizeMedium css-41alfi-MuiSwitch-root"
                  >
                    <span
                      class="MuiButtonBase-root MuiSwitch-switchBase MuiSwitch-colorPrimary PrivateSwitchBase-root MuiSwitch-switchBase MuiSwitch-colorPrimary css-28iv8m-MuiButtonBase-root-MuiSwitch-switchBase"
                    >
                      <input
                        aria-checked="false"
                        aria-labelledby="reset-password-toolbar-dark-mode-switch-label-light"
                        class="PrivateSwitchBase-input MuiSwitch-input css-1m9pwf3"
                        id="reset-password-toolbar-dark-mode-switch"
                        role="switch"
                        type="checkbox"
                      />
                      <svg
                        aria-hidden="false"
                        aria-labelledby="reset-password-toolbar-dark-mode-switch-label-light"
                        class="MuiSvgIcon-root MuiSvgIcon-fontSizeMedium css-aq4ggj-MuiSvgIcon-root"
                        data-testid="WbSunnyIcon"
                        focusable="false"
                        id="reset-password-toolbar-dark-mode-switch-icon-unchecked"
                        role="img"
                        viewBox="0 0 24 24"
                      >
                        <path
                          d="m6.76 4.84-1.8-1.79-1.41 1.41 1.79 1.79 1.42-1.41zM4 10.5H1v2h3v-2zm9-9.95h-2V3.5h2V.55zm7.45 3.91-1.41-1.41-1.79 1.79 1.41 1.41 1.79-1.79zm-3.21 13.7 1.79 1.8 1.41-1.41-1.8-1.79-1.4 1.4zM20 10.5v2h3v-2h-3zm-8-5c-3.31 0-6 2.69-6 6s2.69 6 6 6 6-2.69 6-6-2.69-6-6-6zm-1 16.95h2V19.5h-2v2.95zm-7.45-3.91 1.41 1.41 1.79-1.8-1.41-1.41-1.79 1.8z"
                        />
                      </svg>
                      <span
                        class="MuiTouchRipple-root css-8je8zh-MuiTouchRipple-root"
                      />
                    </span>
                    <span
                      class="MuiSwitch-track css-1yjjitx-MuiSwitch-track"
                    />
                  </span>
                  <label
                    for="reset-password-toolbar-dark-mode-switch"
                  >
                    <p
                      class="MuiTypography-root MuiTypography-body2 css-191g3cx-MuiTypography-root"
                      id="reset-password-toolbar-dark-mode-switch-label-light"
                    >
                      Light
                      <br />
                       Mode
                    </p>
                  </label>
                </div>
              </li>
            </ul>
          </nav>
        </header>
        <main
          class="MuiBox-root css-cn70eu"
          id="reset-password-layout-content"
          tabindex="-1"
        >
          <div
            class="MuiBox-root css-1bghj2m"
            id="reset-password-modal-container"
          >
            <p
              class="MuiTypography-root MuiTypography-body1 css-118nrrt-MuiTypography-root"
              id="reset-password-modal-title-word-0"
            >
              Reset 
            </p>
            <p
              class="MuiTypography-root MuiTypography-body1 css-118nrrt-MuiTypography-root"
              id="reset-password-modal-title-word-1"
            >
              Password
            </p>
            <div
              class="MuiBox-root css-7n00rz"
              id="reset-password-modal-notification-container"
            >
              <div
                class="MuiBox-root css-j4g8gb"
                id="reset-password-modal-error-container"
              >
                <svg
                  aria-hidden="true"
                  aria-label="error"
                  class="MuiSvgIcon-root MuiSvgIcon-fontSizeMedium css-17slstj-MuiSvgIcon-root"
                  data-testid="ErrorOutlineIcon"
                  focusable="false"
                  id="reset-password-modal-error-icon"
                  role="img"
                  viewBox="0 0 24 24"
                >
                  <path
                    d="M11 15h2v2h-2zm0-8h2v6h-2zm.99-5C6.47 2 2 6.48 2 12s4.47 10 9.99 10C17.52 22 22 17.52 22 12S17.52 2 11.99 2zM12 20c-4.42 0-8-3.58-8-8s3.58-8 8-8 8 3.58 8 8-3.58 8-8 8z"
                  />
                </svg>
                <p
                  class="MuiTypography-root MuiTypography-body1 css-2fkb5s-MuiTypography-root"
                  id="reset-password-modal-error"
                >
                  Unauthenticated
                </p>
              </div>
            </div>
            <form
              class="MuiBox-root css-xo10vp"
              id="reset-password-modal-form"
              role="form"
            >
              <div
                class="MuiBox-root css-ueupuo"
                id="reset-password-buttons-container"
              >
                <button
                  class="MuiButtonBase-root MuiButton-root MuiButton-contained MuiButton-containedPrimary MuiButton-sizeMedium MuiButton-containedSizeMedium MuiButton-root MuiButton-contained MuiButton-containedPrimary MuiButton-sizeMedium MuiButton-containedSizeMedium css-13dwpwp-MuiButtonBase-root-MuiButton-root"
                  id="reset-password-back-to-login-navigation-button"
                  tabindex="0"
                  type="button"
                >
                  Back to Login
                  <span
                    class="MuiTouchRipple-root css-8je8zh-MuiTouchRipple-root"
                  />
                </button>
              </div>
            </form>
          </div>
        </main>
      </div>
    </main>
  </div>
</div>
`;
